// Jest Snapshot v1, https://goo.gl/fbAQLP

exports[`KelolaLembaga should renders correctly 1`] = `ShallowWrapper {}`;
