// Jest Snapshot v1, https://goo.gl/fbAQLP

exports[`ArsipLembaga should renders correctly 1`] = `ShallowWrapper {}`;
