// Jest Snapshot v1, https://goo.gl/fbAQLP

exports[`KelolaDialog should renders correctly 1`] = `ShallowWrapper {}`;
