// Jest Snapshot v1, https://goo.gl/fbAQLP

exports[`LembagaComponent works 1`] = `ShallowWrapper {}`;
