// Jest Snapshot v1, https://goo.gl/fbAQLP

exports[`LembagaComponent should renders correctly 1`] = `ShallowWrapper {}`;
