// Jest Snapshot v1, https://goo.gl/fbAQLP

exports[`FilterStatistik should renders correctly 1`] = `ShallowWrapper {}`;
