// Jest Snapshot v1, https://goo.gl/fbAQLP

exports[`ButtonKelolaKategoriLembaga should renders correctly 1`] = `ShallowWrapper {}`;
