// Jest Snapshot v1, https://goo.gl/fbAQLP

exports[`Filter is implemented correctly 1`] = `ReactWrapper {}`;
