// Jest Snapshot v1, https://goo.gl/fbAQLP

exports[`LaporanAkhir should renders correctly 1`] = `ShallowWrapper {}`;
