// Jest Snapshot v1, https://goo.gl/fbAQLP

exports[`Navbar should renders correctly 1`] = `ShallowWrapper {}`;
