// Jest Snapshot v1, https://goo.gl/fbAQLP

exports[`Test SearchBar has components has 1`] = `ReactWrapper {}`;
