// Jest Snapshot v1, https://goo.gl/fbAQLP

exports[`FilterLaporan should renders correctly 1`] = `ShallowWrapper {}`;
